// Jest Snapshot v1, https://goo.gl/fbAQLP

exports[`<LoginComponent /> should render correctly 1`] = `
<div
  className="withStyles-sc-4wveuc-0 lgzevM"
>
  <div
    className="container-login100"
  >
    <div
      className="wrap-login100"
    >
      <div
        className="wrap-input100 "
      >
        <input
          className="input100"
          name="email"
          placeholder="Email"
          type="text"
        />
      </div>
      <div
        className="wrap-input100 "
      >
        <input
          className="input100"
          name="pass"
          placeholder="Password "
          type="password"
        />
      </div>
      <div>
        <div
          className="container-login100-form-btn"
        >
          <div
            className="wrap-login100-form-btn"
          >
            <div
              className="login100-form-bgbtn"
            />
            <button
              className="login100-form-btn login-btn"
              onClick={[Function]}
            >
              Login
            </button>
          </div>
        </div>
        <div
          className="text-center p-t-115"
        >
          <span
            className="txt1"
          >
            Donâ€™t have an account?
          </span>
          <button
            className="txt2"
            onClick={[Function]}
          >
            Sign Up
          </button>
        </div>
      </div>
    </div>
  </div>
</div>
`;
